---
apiVersion: v1
clusters:
- name: kubernetes
  cluster:
    server: http://kube01.test:8080
contexts:
- name: controller-manager-ctx
  context:
    cluster: kubernetes
    user: controller-manager
current-context: controller-manager-ctx
kind: Config
preferences: {}
users: []
