---
apiVersion: v1
clusters:
- name: kubernetes
  cluster:
    certificate-authority: "/etc/pki/simp_apps/simp_kubernetes/x509/cacerts/cacerts.pem"
    server: https://kube01.test:6443
contexts:
- name: proxy-ctx
  context:
    cluster: kubernetes
    user: proxy
current-context: proxy-ctx
kind: Config
preferences: {}
users:
- name: proxy
  user:
    client-certificate: "/etc/pki/simp_apps/simp_kubernetes/x509/private/etcd01.test.pem"
    client-key: "/etc/pki/simp_apps/simp_kubernetes/x509/private/etcd01.test.pem"
