---
apiVersion: v1
clusters:
- name: kubernetes
  cluster:
    server: http://kube01.test:8080
contexts:
- name: proxy-ctx
  context:
    cluster: kubernetes
    user: proxy
current-context: proxy-ctx
kind: Config
preferences: {}
users: []
