---
apiVersion: v1
clusters:
- name: kubernetes
  cluster:
    server: http://kube01.test:8080
contexts:
- name: scheduler-ctx
  context:
    cluster: kubernetes
    user: scheduler
current-context: scheduler-ctx
kind: Config
preferences: {}
users: []
